FAILED GET https://moon.dlyn.site/products/autem-sapiente-et-variant-pcpds0?_rsc=5CB68i4pnAekjehf — net::ERR_ABORTED
FAILED GET https://moon.dlyn.site/products/qui-eos-laborum-variant-tojq17?_rsc=5CB68i4pnAekjehf — net::ERR_ABORTED
FAILED GET https://moon.dlyn.site/products/ea-vel-sint-variant-wvnoyq?_rsc=5CB68i4pnAekjehf — net::ERR_ABORTED
FAILED GET https://moon.dlyn.site/products/rem-odio-velit-variant-66zoxd?_rsc=5CB68i4pnAekjehf — net::ERR_ABORTED
200 GET https://api-moon.dlyn.site/api/user/cart?includes=items
200 GET https://api-moon.dlyn.site/api/user/categories
FAILED GET https://moon.dlyn.site/products?sale=1&_rsc=5CB68i4pnAekjehf — net::ERR_ABORTED
FAILED GET https://moon.dlyn.site/products/ea-vel-sint-variant-wvnoyq?_rsc=PyaGolXdmNREyoH7 — net::ERR_ABORTED
FAILED GET https://moon.dlyn.site/products/autem-sapiente-et-variant-pcpds0?_rsc=ceS4DPiGVAGf16Qw — net::ERR_ABORTED
FAILED GET https://moon.dlyn.site/products/rem-odio-velit-variant-66zoxd?_rsc=bew09BnXtHBBacxF — net::ERR_ABORTED
FAILED GET https://moon.dlyn.site/products/qui-eos-laborum-variant-tojq17?_rsc=g9znqWB-oomN1la_ — net::ERR_ABORTED
FAILED GET https://moon.dlyn.site/products?_rsc=5CB68i4pnAekjehf — net::ERR_ABORTED
FAILED GET https://moon.dlyn.site/products?sale=1&_rsc=EjVUixRlpfdWJq9L — net::ERR_ABORTED
FAILED GET https://moon.dlyn.site/products/officiis-facilis-est-variant-dukvvw?_rsc=5CB68i4pnAekjehf — net::ERR_ABORTED
FAILED GET https://moon.dlyn.site/products/dolore-voluptatibus-doloribus-variant-c3jmok?_rsc=5CB68i4pnAekjehf — net::ERR_ABORTED
FAILED GET https://moon.dlyn.site/products/dolor-dolores-illum-variant-1rjapp?_rsc=5CB68i4pnAekjehf — net::ERR_ABORTED
FAILED GET https://moon.dlyn.site/products/qui-dolores-praesentium-variant-yjmy0l?_rsc=5CB68i4pnAekjehf — net::ERR_ABORTED
FAILED GET https://moon.dlyn.site/products/officiis-facilis-est-variant-dukvvw?_rsc=tXyZJ52UQVBCVsD3 — net::ERR_ABORTED
FAILED GET https://moon.dlyn.site/products/dolore-voluptatibus-doloribus-variant-c3jmok?_rsc=tXyZJ52UQVBCVsD3 — net::ERR_ABORTED
FAILED GET https://moon.dlyn.site/products/dolor-dolores-illum-variant-1rjapp?_rsc=tXyZJ52UQVBCVsD3 — net::ERR_ABORTED
FAILED GET https://moon.dlyn.site/products/qui-dolores-praesentium-variant-yjmy0l?_rsc=tXyZJ52UQVBCVsD3 — net::ERR_ABORTED
401 POST https://api-moon.dlyn.site/api/user/auth/login